// Jest Snapshot v1, https://goo.gl/fbAQLP

exports[`CmsSlot renders nothing when no children are provided 1`] = `
<WithStyles(CmsSlot)>
  <CmsSlot classes={{...}} />
</WithStyles(CmsSlot)>
`;

exports[`CmsSlot renders verbatim html 1`] = `
<WithStyles(CmsSlot) className="slot1">
  <CmsSlot className="slot1" classes={{...}}>
    <span className="slot1 CmsSlot-block-2" dangerouslySetInnerHTML={{...}} />
  </CmsSlot>
</WithStyles(CmsSlot)>
`;
