// Jest Snapshot v1, https://goo.gl/fbAQLP

exports[`Skeleton ImageSwitcher should include hide thumbnails when thumbnails=false 1`] = `
<TestProvider app={{...}}>
  <Provider router={{...}} app={{...}} history={{...}}>
    <MuiThemeProviderOld theme={{...}}>
      <WithStyles(ImageSwitcher) thumbnails={false}>
        <ImageSwitcher thumbnails={false} classes={{...}} loadingThumbnailProps={{...}}>
          <div className="ImageSwitcher-root-27">
            <WithStyles(Component) className="ImageSwitcher-image-28">
              <Component className="ImageSwitcher-image-28" classes={{...}}>
                <div className="Component-row-29 ImageSwitcher-image-28" style={{...}} />
              </Component>
            </WithStyles(Component)>
          </div>
        </ImageSwitcher>
      </WithStyles(ImageSwitcher)>
    </MuiThemeProviderOld>
  </Provider>
</TestProvider>
`;

exports[`Skeleton ImageSwitcher should include thumbnails by default 1`] = `
<TestProvider app={{...}}>
  <Provider router={{...}} app={{...}} history={{...}}>
    <MuiThemeProviderOld theme={{...}}>
      <WithStyles(ImageSwitcher)>
        <ImageSwitcher classes={{...}} thumbnails={true} loadingThumbnailProps={{...}}>
          <div className="ImageSwitcher-root-1">
            <WithStyles(Component) className="ImageSwitcher-image-2">
              <Component className="ImageSwitcher-image-2" classes={{...}}>
                <div className="Component-row-3 ImageSwitcher-image-2" style={{...}} />
              </Component>
            </WithStyles(Component)>
            <WithStyles(Component)>
              <Component classes={{...}}>
                <WithStyles(Component) className="Component-blankRow-10">
                  <Component className="Component-blankRow-10" classes={{...}}>
                    <div className="Component-row-3 Component-blankRow-10" style={{...}}>
                      <WithStyles(Component) flex={1}>
                        <Component flex={1} classes={{...}}>
                          <div data-rel="space" className="Component-space-17" style={{...}} />
                        </Component>
                      </WithStyles(Component)>
                    </div>
                  </Component>
                </WithStyles(Component)>
              </Component>
            </WithStyles(Component)>
            <WithStyles(Component) height="58px">
              <Component height="58px" classes={{...}}>
                <div className="Component-row-3" style={{...}}>
                  <WithStyles(Component)>
                    <Component classes={{...}}>
                      <div data-rel="space" className="Component-space-17" style={{...}} />
                    </Component>
                  </WithStyles(Component)>
                  <WithStyles(Component) flex="1">
                    <Component flex="1" classes={{...}}>
                      <div className={[undefined]} style={{...}} />
                    </Component>
                  </WithStyles(Component)>
                  <WithStyles(Component)>
                    <Component classes={{...}}>
                      <div data-rel="space" className="Component-space-17" style={{...}} />
                    </Component>
                  </WithStyles(Component)>
                </div>
              </Component>
            </WithStyles(Component)>
          </div>
        </ImageSwitcher>
      </WithStyles(ImageSwitcher)>
    </MuiThemeProviderOld>
  </Provider>
</TestProvider>
`;
